Microchip MPLAB XC8 Compiler V1.38 ()

Linker command line:

-W-3 --edf=C:\Program Files\Microchip\xc8\v1.38\dat\en_msgs.txt -cs \
  -h+dist/default/production\flyback.X.production.sym \
  --cmf=dist/default/production\flyback.X.production.cmf -z -Q16F1709 \
  -oC:\Users\Sanjay\AppData\Local\Temp\s3e8.2 \
  -Mdist/default/production/flyback.X.production.map -E1 -ver=XC8 \
  -ASTACK=0204Fh-023efh -pstack=STACK -ACODE=00h-07FFhx4 \
  -ASTRCODE=00h-01FFFh -ASTRING=00h-0FFhx32 -ACONST=00h-0FFhx32 \
  -AENTRY=00h-0FFhx32 -ACOMMON=070h-07Fh -ABANK0=020h-06Fh \
  -ABANK1=0A0h-0EFh -ABANK2=0120h-016Fh -ABANK3=01A0h-01EFh \
  -ABANK4=0220h-026Fh -ABANK5=02A0h-02EFh -ABANK6=0320h-036Fh \
  -ABANK7=03A0h-03EFh -ABANK8=0420h-046Fh -ABANK9=04A0h-04EFh \
  -ABANK10=0520h-056Fh -ABANK11=05A0h-05EFh -ABANK12=0620h-064Fh \
  -ABIGRAM=02000h-023EFh \
  -ARAM=020h-06Fh,0A0h-0EFh,0120h-016Fh,01A0h-01EFh,0220h-026Fh,02A0h-02EFh,0320h-036Fh,03A0h-03EFh,0420h-046Fh,04A0h-04EFh,0520h-056Fh,05A0h-05EFh,0620h-064Fh \
  -AABS1=020h-07Fh,0A0h-0EFh,0120h-016Fh,01A0h-01EFh,0220h-026Fh,02A0h-02EFh,0320h-036Fh,03A0h-03EFh,0420h-046Fh,04A0h-04EFh,0520h-056Fh,05A0h-05EFh,0620h-064Fh \
  -ASFR0=00h-01Fh -ASFR1=080h-09Fh -ASFR2=0100h-011Fh -ASFR3=0180h-019Fh \
  -ASFR4=0200h-021Fh -ASFR5=0280h-029Fh -ASFR6=0300h-031Fh \
  -ASFR7=0380h-039Fh -ASFR8=0400h-041Fh -ASFR9=0480h-049Fh \
  -ASFR10=0500h-051Fh -ASFR11=0580h-059Fh -ASFR12=0600h-061Fh \
  -ASFR13=0680h-06EFh -ASFR14=0700h-076Fh -ASFR15=0780h-07EFh \
  -ASFR16=0800h-086Fh -ASFR17=0880h-08EFh -ASFR18=0900h-096Fh \
  -ASFR19=0980h-09EFh -ASFR20=0A00h-0A6Fh -ASFR21=0A80h-0AEFh \
  -ASFR22=0B00h-0B6Fh -ASFR23=0B80h-0BEFh -ASFR24=0C00h-0C6Fh \
  -ASFR25=0C80h-0CEFh -ASFR26=0D00h-0D6Fh -ASFR27=0D80h-0DEFh \
  -ASFR28=0E00h-0E6Fh -ASFR29=0E80h-0EEFh -ASFR30=0F00h-0F6Fh \
  -ASFR31=0F80h-0FEFh -preset_vec=00h,intentry=04h,init,end_init \
  -ppowerup=CODE -pcinit=CODE -pfunctab=CODE -ACONFIG=08007h-08008h \
  -pconfig=CONFIG -DCONFIG=2 -AIDLOC=08000h-08003h -pidloc=IDLOC -DIDLOC=2 \
  -DCODE=2 -DSTRCODE=2 -DSTRING=2 -DCONST=2 -DENTRY=2 -k \
  C:\Users\Sanjay\AppData\Local\Temp\s3e8.obj \
  dist/default/production\flyback.X.production.obj 

Object code version is 3.11

Machine type is 16F1709



                Name                               Link     Load   Length Selector   Space Scale
C:\Users\Sanjay\AppData\Local\Temp\s3e8.obj
                end_init                             1F       1F        2        8       0
                reset_vec                             0        0        2        0       0
                config                             8007     8007        2    1000E       0
dist/default/production\flyback.X.production.obj
                cinit                                21       21        F        8       0
                intentry                              4        4       1B        8       0
                text13                              1F3      1F3        9      302       0
                text12                              1BE      1BE        D      302       0
                text11                              1A6      1A6       18      302       0
                text10                              20F      20F        6      302       0
                text9                               215      215        4      302       0
                text8                               209      209        6      302       0
                text7                               1EA      1EA        9      302       0
                text6                               1D7      1D7        A      302       0
                text5                               219      219        3      302       0
                text4                               1E1      1E1        9      302       0
                text3                               1CB      1CB        C      302       0
                text2                               1FC      1FC        7      302       0
                text1                               181      181       25      302       0
                maintext                             30       30       C0        8       0
                cstackBANK0                          6C       6C        3       20       1
                cstackCOMMON                         70       70        7       70       1
                clrtext                             203      203        6      302       0
                bssBANK0                             4A       4A       22       20       1
                bssCOMMON                            77       77        4       70       1
                nvBANK0                              20       20       2A       20       1
                stringtext                           F0       F0       91      1E0       0

TOTAL           Name                               Link     Load   Length     Space
        CLASS   STACK          

        CLASS   CODE           
                end_init                             1F       1F        2         0
                cinit                                21       21        F         0
                intentry                              4        4       1B         0
                reset_vec                             0        0        2         0
                text13                              1F3      1F3        9         0
                text12                              1BE      1BE        D         0
                text11                              1A6      1A6       18         0
                text10                              20F      20F        6         0
                text9                               215      215        4         0
                text8                               209      209        6         0
                text7                               1EA      1EA        9         0
                text6                               1D7      1D7        A         0
                text5                               219      219        3         0
                text4                               1E1      1E1        9         0
                text3                               1CB      1CB        C         0
                text2                               1FC      1FC        7         0
                text1                               181      181       25         0
                maintext                             30       30       C0         0
                clrtext                             203      203        6         0

        CLASS   STRCODE        
                stringtext                           F0       F0       91         0

        CLASS   STRING         

        CLASS   CONST          

        CLASS   ENTRY          

        CLASS   COMMON         
                cstackCOMMON                         70       70        7         1
                bssCOMMON                            77       77        4         1

        CLASS   BANK0          
                cstackBANK0                          6C       6C        3         1
                bssBANK0                             4A       4A       22         1
                nvBANK0                              20       20       2A         1

        CLASS   BANK1          

        CLASS   BANK2          

        CLASS   BANK3          

        CLASS   BANK4          

        CLASS   BANK5          

        CLASS   BANK6          

        CLASS   BANK7          

        CLASS   BANK8          

        CLASS   BANK9          

        CLASS   BANK10         

        CLASS   BANK11         

        CLASS   BANK12         

        CLASS   BIGRAM         

        CLASS   RAM            

        CLASS   ABS1           
                abs_s1                               7E       7E        2         1

        CLASS   SFR0           

        CLASS   SFR1           

        CLASS   SFR2           

        CLASS   SFR3           

        CLASS   SFR4           

        CLASS   SFR5           

        CLASS   SFR6           

        CLASS   SFR7           

        CLASS   SFR8           

        CLASS   SFR9           

        CLASS   SFR10          

        CLASS   SFR11          

        CLASS   SFR12          

        CLASS   SFR13          

        CLASS   SFR14          

        CLASS   SFR15          

        CLASS   SFR16          

        CLASS   SFR17          

        CLASS   SFR18          

        CLASS   SFR19          

        CLASS   SFR20          

        CLASS   SFR21          

        CLASS   SFR22          

        CLASS   SFR23          

        CLASS   SFR24          

        CLASS   SFR25          

        CLASS   SFR26          

        CLASS   SFR27          

        CLASS   SFR28          

        CLASS   SFR29          

        CLASS   SFR30          

        CLASS   SFR31          

        CLASS   CONFIG         
                config                             8007     8007        2         0

        CLASS   IDLOC          

        CLASS   BANK31         

        CLASS   BANK30         

        CLASS   BANK29         

        CLASS   BANK28         

        CLASS   BANK27         

        CLASS   BANK26         

        CLASS   BANK25         

        CLASS   BANK24         

        CLASS   BANK23         

        CLASS   BANK22         

        CLASS   BANK21         

        CLASS   BANK20         

        CLASS   BANK19         

        CLASS   BANK18         

        CLASS   BANK17         

        CLASS   BANK16         

        CLASS   BANK15         

        CLASS   BANK14         

        CLASS   BANK13         

        CLASS   EEDATA         



SEGMENTS        Name                           Load    Length   Top    Selector   Space  Class     Delta

                reset_vec                      000000  000002  000002         0       0  CODE        2
                intentry                       000004  0000EC  0000F0         8       0  CODE        2
                nvBANK0                        000020  00004F  00006F        20       1  BANK0       1
                cstackCOMMON                   000070  00000B  00007B        70       1  COMMON      1
                stringtext                     0000F0  000091  000181       1E0       0  STRCODE     2
                text1                          000181  00009B  00021C       302       0  CODE        2
                config                         008007  000002  008009     1000E       0  CONFIG      2


UNUSED ADDRESS RANGES

        Name                Unused          Largest block    Delta
        BANK0            0006F-0006F               1           1
        BANK1            000A0-000EF              50           1
        BANK10           00520-0056F              50           1
        BANK11           005A0-005EF              50           1
        BANK12           00620-0064F              30           1
        BANK2            00120-0016F              50           1
        BANK3            001A0-001EF              50           1
        BANK4            00220-0026F              50           1
        BANK5            002A0-002EF              50           1
        BANK6            00320-0036F              50           1
        BANK7            003A0-003EF              50           1
        BANK8            00420-0046F              50           1
        BANK9            004A0-004EF              50           1
        BIGRAM           02000-023EF             3F0           1
        CODE             00002-00003               2           2
                         0021C-01FFF             800
        COMMON           0007B-0007D               3           1
        CONST            00002-00003               2           2
                         0021C-01FFF             100
        ENTRY            00002-00003               2           2
                         0021C-01FFF             100
        IDLOC            08000-08003               4           2
        RAM              0006F-0006F               1           1
                         000A0-000EF              50
                         00120-0016F              50
                         001A0-001EF              50
                         00220-0026F              50
                         002A0-002EF              50
                         00320-0036F              50
                         003A0-003EF              50
                         00420-0046F              50
                         004A0-004EF              50
                         00520-0056F              50
                         005A0-005EF              50
                         00620-0064F              30
        SFR0             00000-0001F              20           1
        SFR1             00080-0009F              20           1
        SFR10            00500-0051F              20           1
        SFR11            00580-0059F              20           1
        SFR12            00600-0061F              20           1
        SFR13            00680-006EF              70           1
        SFR14            00700-0076F              70           1
        SFR15            00780-007EF              70           1
        SFR16            00800-0086F              70           1
        SFR17            00880-008EF              70           1
        SFR18            00900-0096F              70           1
        SFR19            00980-009EF              70           1
        SFR2             00100-0011F              20           1
        SFR20            00A00-00A6F              70           1
        SFR21            00A80-00AEF              70           1
        SFR22            00B00-00B6F              70           1
        SFR23            00B80-00BEF              70           1
        SFR24            00C00-00C6F              70           1
        SFR25            00C80-00CEF              70           1
        SFR26            00D00-00D6F              70           1
        SFR27            00D80-00DEF              70           1
        SFR28            00E00-00E6F              70           1
        SFR29            00E80-00EEF              70           1
        SFR3             00180-0019F              20           1
        SFR30            00F00-00F6F              70           1
        SFR31            00F80-00FEF              70           1
        SFR4             00200-0021F              20           1
        SFR5             00280-0029F              20           1
        SFR6             00300-0031F              20           1
        SFR7             00380-0039F              20           1
        SFR8             00400-0041F              20           1
        SFR9             00480-0049F              20           1
        STACK            0204F-023EF             3A1           1
        STRCODE          00002-00003               2           2
                         0021C-01FFF            1DE4
        STRING           00002-00003               2           2
                         0021C-01FFF             100

                                  Symbol Table

USART_Write@txData            cstackCOMMON 00071
USART_WriteString@_data       cstackCOMMON 00072
USART_WriteString@limiter     cstackCOMMON 00075
USART_WriteValue@F5508        bssBANK0     0004A
_ADCON0                       (abs)        0009D
_ADCON0bits                   (abs)        0009D
_ADCON1                       (abs)        0009E
_ADCON2                       (abs)        0009F
_ADC_Initialize               text13       001F3
_ADC_SCALE                    nvBANK0      00020
_ADRESH                       (abs)        0009C
_ADRESL                       (abs)        0009B
_ANSELA                       (abs)        0018C
_ANSELB                       (abs)        0018D
_ANSELC                       (abs)        0018E
_BAUD1CON                     (abs)        0019F
_CCP1CON                      (abs)        00293
_CCP1M0                       (abs)        01498
_CCP1M1                       (abs)        01499
_CCP1M2                       (abs)        0149A
_CCP1M3                       (abs)        0149B
_CCP2CON                      (abs)        0029A
_CCPR1H                       (abs)        00292
_CCPR1L                       (abs)        00291
_CCPR2H                       (abs)        00299
_CCPR2L                       (abs)        00298
_CCPTMRSbits                  (abs)        0029E
_CM1CON0                      (abs)        00111
_CM1CON1                      (abs)        00112
_CMOUTbits                    (abs)        00115
_CMP1_Initialize              text12       001BE
_COG1ASD0                     (abs)        0069D
_COG1ASD0bits                 (abs)        0069D
_COG1ASD1                     (abs)        0069E
_COG1BLKF                     (abs)        00694
_COG1BLKR                     (abs)        00693
_COG1CON0                     (abs)        00697
_COG1CON1                     (abs)        00698
_COG1DBF                      (abs)        00696
_COG1DBR                      (abs)        00695
_COG1FIS                      (abs)        0069B
_COG1FSIM                     (abs)        0069C
_COG1PHF                      (abs)        00692
_COG1PHR                      (abs)        00691
_COG1RIS                      (abs)        00699
_COG1RSIM                     (abs)        0069A
_COG1STR                      (abs)        0069F
_COG1_Initialize              text11       001A6
_DAC1CON0                     (abs)        00118
_DAC1CON1                     (abs)        00119
_DAC_Initialize               text10       0020F
_DA_LSB                       nvBANK0      00023
_FVRCON                       (abs)        00117
_FVRCONbits                   (abs)        00117
_FVR_Initialize               text9        00215
_GIE                          (abs)        0005F
_LATA                         (abs)        0010C
_LATA0                        (abs)        00860
_LATB                         (abs)        0010D
_LATB6                        (abs)        0086E
_LATC                         (abs)        0010E
_LATC2                        (abs)        00872
_LATC3                        (abs)        00873
_M1                           nvBANK0      00026
_M2                           nvBANK0      00029
_OPTION_REGbits               (abs)        00095
_OSCCON                       (abs)        00099
_OSCSTAT                      (abs)        0009A
_OSCTUNE                      (abs)        00098
_OSC_Init                     text8        00209
_PEIE                         (abs)        0005E
_PIE1bits                     (abs)        00091
_PIR1bits                     (abs)        00011
_PLLR                         (abs)        004D6
_PPSLOCK                      (abs)        00E0F
_PPSLOCKbits                  (abs)        00E0F
_PR2                          (abs)        0001B
_PWM1_Initialize              text7        001EA
_PWM2_Initialize              text6        001D7
_PWM3CON                      (abs)        00619
_PWM3DCH                      (abs)        00618
_PWM3DCL                      (abs)        00617
_RA2PPS                       (abs)        00E92
_RA4PPS                       (abs)        00E94
_RA4PPSbits                   (abs)        00E94
_RA5PPS                       (abs)        00E95
_RA5PPSbits                   (abs)        00E95
_RC1PPS                       (abs)        00EA1
_RC1REG                       (abs)        00199
_RC1STA                       (abs)        0019D
_RC1STAbits                   (abs)        0019D
_RC2PPS                       (abs)        00EA2
_RC2PPSbits                   (abs)        00EA2
_SP1BRGH                      (abs)        0019C
_SP1BRGL                      (abs)        0019B
_T1CON                        (abs)        00018
_T1CONbits                    (abs)        00018
_T1GCON                       (abs)        00019
_T1GCONbits                   (abs)        00019
_T2CON                        (abs)        0001C
_T2CONbits                    (abs)        0001C
_TMR1H                        (abs)        00017
_TMR1IE                       (abs)        00488
_TMR1IF                       (abs)        00088
_TMR1L                        (abs)        00016
_TMR1_DefaultInterruptHandler (abs)        00000
_TMR1_InterruptHandler        bssBANK0     00068
_TMR2                         (abs)        0001A
_TMR2IE                       (abs)        00489
_TMR2IF                       (abs)        00089
_TMR2ON                       (abs)        000E2
_TMR2_Initialize              text4        001E1
_TMR2_StartTimer              text5        00219
_TRISA                        (abs)        0008C
_TRISA4                       (abs)        00464
_TRISA5                       (abs)        00465
_TRISB                        (abs)        0008D
_TRISB6                       (abs)        0046E
_TRISC                        (abs)        0008E
_TRISC1                       (abs)        00471
_TRMT                         (abs)        00CF1
_TX1REG                       (abs)        0019A
_TX1STA                       (abs)        0019E
_USART_Initialize             text3        001CB
_USART_Write                  text2        001FC
_USART_WriteString            text1        00181
_Vref                         nvBANK0      0002C
_WPUA                         (abs)        0020C
_WPUB                         (abs)        0020D
_WPUC                         (abs)        0020E
_WPUC2                        (abs)        01072
__CFG_BOREN$ON                (abs)        00000
__CFG_BORV$LO                 (abs)        00000
__CFG_CLKOUTEN$OFF            (abs)        00000
__CFG_CP$OFF                  (abs)        00000
__CFG_FCMEN$ON                (abs)        00000
__CFG_FOSC$INTOSC             (abs)        00000
__CFG_IESO$ON                 (abs)        00000
__CFG_LPBOR$OFF               (abs)        00000
__CFG_LVP$ON                  (abs)        00000
__CFG_MCLRE$OFF               (abs)        00000
__CFG_PLLEN$OFF               (abs)        00000
__CFG_PPS1WAY$ON              (abs)        00000
__CFG_PWRTE$OFF               (abs)        00000
__CFG_STVREN$ON               (abs)        00000
__CFG_WDTE$OFF                (abs)        00000
__CFG_WRT$OFF                 (abs)        00000
__CFG_ZCDDIS$ON               (abs)        00000
__Habs1                       abs1         00000
__Hbank0                      bank0        00000
__Hbank1                      bank1        00000
__Hbank10                     bank10       00000
__Hbank11                     bank11       00000
__Hbank12                     bank12       00000
__Hbank13                     bank13       00000
__Hbank14                     bank14       00000
__Hbank15                     bank15       00000
__Hbank16                     bank16       00000
__Hbank17                     bank17       00000
__Hbank18                     bank18       00000
__Hbank19                     bank19       00000
__Hbank2                      bank2        00000
__Hbank20                     bank20       00000
__Hbank21                     bank21       00000
__Hbank22                     bank22       00000
__Hbank23                     bank23       00000
__Hbank24                     bank24       00000
__Hbank25                     bank25       00000
__Hbank26                     bank26       00000
__Hbank27                     bank27       00000
__Hbank28                     bank28       00000
__Hbank29                     bank29       00000
__Hbank3                      bank3        00000
__Hbank30                     bank30       00000
__Hbank31                     bank31       00000
__Hbank4                      bank4        00000
__Hbank5                      bank5        00000
__Hbank6                      bank6        00000
__Hbank7                      bank7        00000
__Hbank8                      bank8        00000
__Hbank9                      bank9        00000
__Hbigram                     bigram       00000
__HbssBANK0                   bssBANK0     00000
__HbssCOMMON                  bssCOMMON    00000
__Hcinit                      cinit        00030
__Hclrtext                    clrtext      00000
__Hcode                       code         00000
__Hcommon                     common       00000
__Hconfig                     config       08009
__HcstackBANK0                cstackBANK0  00000
__HcstackCOMMON               cstackCOMMON 00000
__Heeprom_data                eeprom_data  00000
__Hend_init                   end_init     00021
__Hfunctab                    functab      00000
__Hidloc                      idloc        00000
__Hinit                       init         0001F
__Hintentry                   intentry     0001F
__Hmaintext                   maintext     00000
__HnvBANK0                    nvBANK0      00000
__Hpowerup                    powerup      00000
__Hram                        ram          00000
__Hreset_vec                  reset_vec    00002
__Hsfr0                       sfr0         00000
__Hsfr1                       sfr1         00000
__Hsfr10                      sfr10        00000
__Hsfr11                      sfr11        00000
__Hsfr12                      sfr12        00000
__Hsfr13                      sfr13        00000
__Hsfr14                      sfr14        00000
__Hsfr15                      sfr15        00000
__Hsfr16                      sfr16        00000
__Hsfr17                      sfr17        00000
__Hsfr18                      sfr18        00000
__Hsfr19                      sfr19        00000
__Hsfr2                       sfr2         00000
__Hsfr20                      sfr20        00000
__Hsfr21                      sfr21        00000
__Hsfr22                      sfr22        00000
__Hsfr23                      sfr23        00000
__Hsfr24                      sfr24        00000
__Hsfr25                      sfr25        00000
__Hsfr26                      sfr26        00000
__Hsfr27                      sfr27        00000
__Hsfr28                      sfr28        00000
__Hsfr29                      sfr29        00000
__Hsfr3                       sfr3         00000
__Hsfr30                      sfr30        00000
__Hsfr31                      sfr31        00000
__Hsfr4                       sfr4         00000
__Hsfr5                       sfr5         00000
__Hsfr6                       sfr6         00000
__Hsfr7                       sfr7         00000
__Hsfr8                       sfr8         00000
__Hsfr9                       sfr9         00000
__Hspace_0                    (abs)        08009
__Hspace_1                    (abs)        0007B
__Hspace_2                    (abs)        00000
__Hspace_3                    (abs)        00000
__Hstack                      stack        00000
__Hstrings                    strings      00000
__Hstringtext                 stringtext   00000
__Htext                       text         00000
__Labs1                       abs1         00000
__Lbank0                      bank0        00000
__Lbank1                      bank1        00000
__Lbank10                     bank10       00000
__Lbank11                     bank11       00000
__Lbank12                     bank12       00000
__Lbank13                     bank13       00000
__Lbank14                     bank14       00000
__Lbank15                     bank15       00000
__Lbank16                     bank16       00000
__Lbank17                     bank17       00000
__Lbank18                     bank18       00000
__Lbank19                     bank19       00000
__Lbank2                      bank2        00000
__Lbank20                     bank20       00000
__Lbank21                     bank21       00000
__Lbank22                     bank22       00000
__Lbank23                     bank23       00000
__Lbank24                     bank24       00000
__Lbank25                     bank25       00000
__Lbank26                     bank26       00000
__Lbank27                     bank27       00000
__Lbank28                     bank28       00000
__Lbank29                     bank29       00000
__Lbank3                      bank3        00000
__Lbank30                     bank30       00000
__Lbank31                     bank31       00000
__Lbank4                      bank4        00000
__Lbank5                      bank5        00000
__Lbank6                      bank6        00000
__Lbank7                      bank7        00000
__Lbank8                      bank8        00000
__Lbank9                      bank9        00000
__Lbigram                     bigram       00000
__LbssBANK0                   bssBANK0     00000
__LbssCOMMON                  bssCOMMON    00000
__Lcinit                      cinit        00021
__Lclrtext                    clrtext      00000
__Lcode                       code         00000
__Lcommon                     common       00000
__Lconfig                     config       08007
__LcstackBANK0                cstackBANK0  00000
__LcstackCOMMON               cstackCOMMON 00000
__Leeprom_data                eeprom_data  00000
__Lend_init                   end_init     0001F
__Lfunctab                    functab      00000
__Lidloc                      idloc        00000
__Linit                       init         0001F
__Lintentry                   intentry     00004
__Lmaintext                   maintext     00000
__LnvBANK0                    nvBANK0      00000
__Lpowerup                    powerup      00000
__Lram                        ram          00000
__Lreset_vec                  reset_vec    00000
__Lsfr0                       sfr0         00000
__Lsfr1                       sfr1         00000
__Lsfr10                      sfr10        00000
__Lsfr11                      sfr11        00000
__Lsfr12                      sfr12        00000
__Lsfr13                      sfr13        00000
__Lsfr14                      sfr14        00000
__Lsfr15                      sfr15        00000
__Lsfr16                      sfr16        00000
__Lsfr17                      sfr17        00000
__Lsfr18                      sfr18        00000
__Lsfr19                      sfr19        00000
__Lsfr2                       sfr2         00000
__Lsfr20                      sfr20        00000
__Lsfr21                      sfr21        00000
__Lsfr22                      sfr22        00000
__Lsfr23                      sfr23        00000
__Lsfr24                      sfr24        00000
__Lsfr25                      sfr25        00000
__Lsfr26                      sfr26        00000
__Lsfr27                      sfr27        00000
__Lsfr28                      sfr28        00000
__Lsfr29                      sfr29        00000
__Lsfr3                       sfr3         00000
__Lsfr30                      sfr30        00000
__Lsfr31                      sfr31        00000
__Lsfr4                       sfr4         00000
__Lsfr5                       sfr5         00000
__Lsfr6                       sfr6         00000
__Lsfr7                       sfr7         00000
__Lsfr8                       sfr8         00000
__Lsfr9                       sfr9         00000
__Lspace_0                    (abs)        00000
__Lspace_1                    (abs)        00000
__Lspace_2                    (abs)        00000
__Lspace_3                    (abs)        00000
__Lstack                      stack        00000
__Lstrings                    strings      00000
__Lstringtext                 stringtext   00000
__Ltext                       text         00000
__S0                          (abs)        08009
__S1                          (abs)        0007B
__S2                          (abs)        00000
___int_sp                     stack        00000
___latbits                    (abs)        00002
___sp                         stack        00000
__end_of_ADC_Initialize       text13       001FC
__end_of_CMP1_Initialize      text12       001CB
__end_of_COG1_Initialize      text11       001BE
__end_of_DAC_Initialize       text10       00215
__end_of_FVR_Initialize       text9        00219
__end_of_OSC_Init             text8        0020F
__end_of_PWM1_Initialize      text7        001F3
__end_of_PWM2_Initialize      text6        001E1
__end_of_TMR2_Initialize      text4        001EA
__end_of_TMR2_StartTimer      text5        0021C
__end_of_USART_Initialize     text3        001D7
__end_of_USART_Write          text2        00203
__end_of_USART_WriteString    text1        001A6
__end_of__initialization      cinit        0002C
__end_of__npowers_            stringtext   0013F
__end_of__powers_             stringtext   00166
__end_of_dpowers              stringtext   00118
__end_of_isr                  intentry     0001F
__end_of_main                 maintext     000F0
__initialization              cinit        00021
__pbssBANK0                   bssBANK0     0004A
__pbssCOMMON                  bssCOMMON    00077
__pcstackBANK0                cstackBANK0  0006C
__pcstackCOMMON               cstackCOMMON 00070
__pintentry                   intentry     00004
__pmaintext                   maintext     00030
__pnvBANK0                    nvBANK0      00020
__pstringtext                 stringtext   000F0
__ptext1                      text1        00181
__ptext10                     text10       0020F
__ptext11                     text11       001A6
__ptext12                     text12       001BE
__ptext13                     text13       001F3
__ptext2                      text2        001FC
__ptext3                      text3        001CB
__ptext4                      text4        001E1
__ptext5                      text5        00219
__ptext6                      text6        001D7
__ptext7                      text7        001EA
__ptext8                      text8        00209
__ptext9                      text9        00215
__size_of_ADC_Initialize      (abs)        00000
__size_of_CMP1_Initialize     (abs)        00000
__size_of_COG1_Initialize     (abs)        00000
__size_of_DAC_Initialize      (abs)        00000
__size_of_FVR_Initialize      (abs)        00000
__size_of_OSC_Init            (abs)        00000
__size_of_PWM1_Initialize     (abs)        00000
__size_of_PWM2_Initialize     (abs)        00000
__size_of_TMR2_Initialize     (abs)        00000
__size_of_TMR2_StartTimer     (abs)        00000
__size_of_USART_Initialize    (abs)        00000
__size_of_USART_Write         (abs)        00000
__size_of_USART_WriteString   (abs)        00000
__size_of_isr                 (abs)        00000
__size_of_main                (abs)        00000
_a0                           nvBANK0      0002F
_a1                           nvBANK0      00032
_a2                           nvBANK0      00035
_b1                           nvBANK0      00038
_b2                           nvBANK0      0003B
_isr                          intentry     00004
_main                         maintext     00030
_rk                           nvBANK0      0003E
_rk_1                         nvBANK0      00041
_rk_2                         nvBANK0      00044
_rk_3                         nvBANK0      00047
_timer1ReloadVal              bssCOMMON    00077
_timerValue                   bssCOMMON    00079
btemp                         (abs)        0007E
clear_ram0                    clrtext      00203
end_of_initialization         cinit        0002C
int$flags                     (abs)        0007E
intlevel0                     functab      00000
intlevel1                     functab      00000
intlevel2                     functab      00000
intlevel3                     functab      00000
intlevel4                     functab      00000
intlevel5                     functab      00000
ltemp                         (abs)        0007E
ltemp0                        (abs)        0007E
ltemp1                        (abs)        00082
ltemp2                        (abs)        00086
ltemp3                        (abs)        00080
reset_vec                     reset_vec    00000
stackhi                       (abs)        023EF
stacklo                       (abs)        0204F
start                         init         0001F
start_initialization          cinit        00021
ttemp                         (abs)        0007E
ttemp0                        (abs)        0007E
ttemp1                        (abs)        00081
ttemp2                        (abs)        00084
ttemp3                        (abs)        00087
ttemp4                        (abs)        0007F
wtemp                         (abs)        0007E
wtemp0                        (abs)        0007E
wtemp1                        (abs)        00080
wtemp2                        (abs)        00082
wtemp3                        (abs)        00084
wtemp4                        (abs)        00086
wtemp5                        (abs)        00088
wtemp6                        (abs)        0007F


FUNCTION INFORMATION:

 *************** function _main *****************
 Defined at:
		line 187 in file "main.c"
 Parameters:    Size  Location     Type
		None
 Auto vars:     Size  Location     Type
  tempVal         3    0        struct _floatToUN8
 Return value:  Size  Location     Type
                  1    wreg      void 
 Registers used:
		wreg, fsr0l, fsr0h, status,2, status,0, pclath, cstack
 Tracked objects:
		On entry : 
		On exit  : 
		Unchanged: 
 Data sizes:     COMMON   BANK0   BANK1   BANK2   BANK3   BANK4   BANK5   BANK6   BANK7   BANK8   BANK9  BANK10  BANK11  BANK12
      Params:         0       0       0       0       0       0       0       0       0       0       0       0       0       0
      Locals:         0       0       0       0       0       0       0       0       0       0       0       0       0       0
      Temps:          0       3       0       0       0       0       0       0       0       0       0       0       0       0
      Totals:         0       3       0       0       0       0       0       0       0       0       0       0       0       0
Total ram usage:        3 bytes
 Hardware stack levels required when called:    3
 This function calls:
		_ADC_Initialize
		_CMP1_Initialize
		_COG1_Initialize
		_DAC_Initialize
		_FVR_Initialize
		_OSC_Init
		_PWM1_Initialize
		_PWM2_Initialize
		_TMR2_Initialize
		_USART_Initialize
		_USART_Write
		_USART_WriteString
 This function is called by:
		Startup code after reset
 This function uses a non-reentrant model


 *************** function _USART_WriteString *****************
 Defined at:
		line 170 in file "main.c"
 Parameters:    Size  Location     Type
  _data           2    2[COMMON] PTR unsigned char 
		 -> STR_2(24), USART_WriteValue@buf(15), 
 Auto vars:     Size  Location     Type
  limiter         2    5[COMMON] int 
 Return value:  Size  Location     Type
                  1    wreg      void 
 Registers used:
		wreg, fsr0l, fsr0h, status,2, status,0, pclath, cstack
 Tracked objects:
		On entry : 
		On exit  : 
		Unchanged: 
 Data sizes:     COMMON   BANK0   BANK1   BANK2   BANK3   BANK4   BANK5   BANK6   BANK7   BANK8   BANK9  BANK10  BANK11  BANK12
      Params:         2       0       0       0       0       0       0       0       0       0       0       0       0       0
      Locals:         2       0       0       0       0       0       0       0       0       0       0       0       0       0
      Temps:          1       0       0       0       0       0       0       0       0       0       0       0       0       0
      Totals:         5       0       0       0       0       0       0       0       0       0       0       0       0       0
Total ram usage:        5 bytes
 Hardware stack levels used:    1
 Hardware stack levels required when called:    2
 This function calls:
		_USART_Write
 This function is called by:
		_main
		_USART_WriteValue
 This function uses a non-reentrant model


 *************** function _USART_Write *****************
 Defined at:
		line 164 in file "main.c"
 Parameters:    Size  Location     Type
  txData          1    wreg     unsigned char 
 Auto vars:     Size  Location     Type
  txData          1    1[COMMON] unsigned char 
 Return value:  Size  Location     Type
                  1    wreg      void 
 Registers used:
		wreg
 Tracked objects:
		On entry : 
		On exit  : 
		Unchanged: 
 Data sizes:     COMMON   BANK0   BANK1   BANK2   BANK3   BANK4   BANK5   BANK6   BANK7   BANK8   BANK9  BANK10  BANK11  BANK12
      Params:         0       0       0       0       0       0       0       0       0       0       0       0       0       0
      Locals:         1       0       0       0       0       0       0       0       0       0       0       0       0       0
      Temps:          0       0       0       0       0       0       0       0       0       0       0       0       0       0
      Totals:         1       0       0       0       0       0       0       0       0       0       0       0       0       0
Total ram usage:        1 bytes
 Hardware stack levels used:    1
 Hardware stack levels required when called:    1
 This function calls:
		Nothing
 This function is called by:
		_USART_WriteString
		_main
 This function uses a non-reentrant model


 *************** function _USART_Initialize *****************
 Defined at:
		line 143 in file "main.c"
 Parameters:    Size  Location     Type
		None
 Auto vars:     Size  Location     Type
		None
 Return value:  Size  Location     Type
                  1    wreg      void 
 Registers used:
		wreg
 Tracked objects:
		On entry : 
		On exit  : 
		Unchanged: 
 Data sizes:     COMMON   BANK0   BANK1   BANK2   BANK3   BANK4   BANK5   BANK6   BANK7   BANK8   BANK9  BANK10  BANK11  BANK12
      Params:         0       0       0       0       0       0       0       0       0       0       0       0       0       0
      Locals:         0       0       0       0       0       0       0       0       0       0       0       0       0       0
      Temps:          0       0       0       0       0       0       0       0       0       0       0       0       0       0
      Totals:         0       0       0       0       0       0       0       0       0       0       0       0       0       0
Total ram usage:        0 bytes
 Hardware stack levels used:    1
 Hardware stack levels required when called:    1
 This function calls:
		Nothing
 This function is called by:
		_main
 This function uses a non-reentrant model


 *************** function _TMR2_Initialize *****************
 Defined at:
		line 57 in file "mcc_generated_files/tmr2.c"
 Parameters:    Size  Location     Type
		None
 Auto vars:     Size  Location     Type
		None
 Return value:  Size  Location     Type
                  1    wreg      void 
 Registers used:
		wreg, status,2, status,0, pclath, cstack
 Tracked objects:
		On entry : 
		On exit  : 
		Unchanged: 
 Data sizes:     COMMON   BANK0   BANK1   BANK2   BANK3   BANK4   BANK5   BANK6   BANK7   BANK8   BANK9  BANK10  BANK11  BANK12
      Params:         0       0       0       0       0       0       0       0       0       0       0       0       0       0
      Locals:         0       0       0       0       0       0       0       0       0       0       0       0       0       0
      Temps:          0       0       0       0       0       0       0       0       0       0       0       0       0       0
      Totals:         0       0       0       0       0       0       0       0       0       0       0       0       0       0
Total ram usage:        0 bytes
 Hardware stack levels used:    1
 Hardware stack levels required when called:    2
 This function calls:
		_TMR2_StartTimer
 This function is called by:
		_main
		_SYSTEM_Initialize
 This function uses a non-reentrant model


 *************** function _TMR2_StartTimer *****************
 Defined at:
		line 77 in file "mcc_generated_files/tmr2.c"
 Parameters:    Size  Location     Type
		None
 Auto vars:     Size  Location     Type
		None
 Return value:  Size  Location     Type
                  1    wreg      void 
 Registers used:
		None
 Tracked objects:
		On entry : 
		On exit  : 
		Unchanged: 
 Data sizes:     COMMON   BANK0   BANK1   BANK2   BANK3   BANK4   BANK5   BANK6   BANK7   BANK8   BANK9  BANK10  BANK11  BANK12
      Params:         0       0       0       0       0       0       0       0       0       0       0       0       0       0
      Locals:         0       0       0       0       0       0       0       0       0       0       0       0       0       0
      Temps:          0       0       0       0       0       0       0       0       0       0       0       0       0       0
      Totals:         0       0       0       0       0       0       0       0       0       0       0       0       0       0
Total ram usage:        0 bytes
 Hardware stack levels used:    1
 Hardware stack levels required when called:    1
 This function calls:
		Nothing
 This function is called by:
		_TMR2_Initialize
 This function uses a non-reentrant model


 *************** function _PWM2_Initialize *****************
 Defined at:
		line 63 in file "mcc_generated_files/pwm2.c"
 Parameters:    Size  Location     Type
		None
 Auto vars:     Size  Location     Type
		None
 Return value:  Size  Location     Type
                  1    wreg      void 
 Registers used:
		wreg, status,2, status,0
 Tracked objects:
		On entry : 
		On exit  : 
		Unchanged: 
 Data sizes:     COMMON   BANK0   BANK1   BANK2   BANK3   BANK4   BANK5   BANK6   BANK7   BANK8   BANK9  BANK10  BANK11  BANK12
      Params:         0       0       0       0       0       0       0       0       0       0       0       0       0       0
      Locals:         0       0       0       0       0       0       0       0       0       0       0       0       0       0
      Temps:          0       0       0       0       0       0       0       0       0       0       0       0       0       0
      Totals:         0       0       0       0       0       0       0       0       0       0       0       0       0       0
Total ram usage:        0 bytes
 Hardware stack levels used:    1
 Hardware stack levels required when called:    1
 This function calls:
		Nothing
 This function is called by:
		_main
		_SYSTEM_Initialize
 This function uses a non-reentrant model


 *************** function _PWM1_Initialize *****************
 Defined at:
		line 63 in file "mcc_generated_files/pwm1.c"
 Parameters:    Size  Location     Type
		None
 Auto vars:     Size  Location     Type
		None
 Return value:  Size  Location     Type
                  1    wreg      void 
 Registers used:
		wreg, status,2, status,0
 Tracked objects:
		On entry : 
		On exit  : 
		Unchanged: 
 Data sizes:     COMMON   BANK0   BANK1   BANK2   BANK3   BANK4   BANK5   BANK6   BANK7   BANK8   BANK9  BANK10  BANK11  BANK12
      Params:         0       0       0       0       0       0       0       0       0       0       0       0       0       0
      Locals:         0       0       0       0       0       0       0       0       0       0       0       0       0       0
      Temps:          0       0       0       0       0       0       0       0       0       0       0       0       0       0
      Totals:         0       0       0       0       0       0       0       0       0       0       0       0       0       0
Total ram usage:        0 bytes
 Hardware stack levels used:    1
 Hardware stack levels required when called:    1
 This function calls:
		Nothing
 This function is called by:
		_main
		_SYSTEM_Initialize
 This function uses a non-reentrant model


 *************** function _OSC_Init *****************
 Defined at:
		line 70 in file "main.c"
 Parameters:    Size  Location     Type
		None
 Auto vars:     Size  Location     Type
		None
 Return value:  Size  Location     Type
                  1    wreg      void 
 Registers used:
		wreg, status,2
 Tracked objects:
		On entry : 
		On exit  : 
		Unchanged: 
 Data sizes:     COMMON   BANK0   BANK1   BANK2   BANK3   BANK4   BANK5   BANK6   BANK7   BANK8   BANK9  BANK10  BANK11  BANK12
      Params:         0       0       0       0       0       0       0       0       0       0       0       0       0       0
      Locals:         0       0       0       0       0       0       0       0       0       0       0       0       0       0
      Temps:          0       0       0       0       0       0       0       0       0       0       0       0       0       0
      Totals:         0       0       0       0       0       0       0       0       0       0       0       0       0       0
Total ram usage:        0 bytes
 Hardware stack levels used:    1
 Hardware stack levels required when called:    1
 This function calls:
		Nothing
 This function is called by:
		_main
 This function uses a non-reentrant model


 *************** function _FVR_Initialize *****************
 Defined at:
		line 57 in file "mcc_generated_files/fvr.c"
 Parameters:    Size  Location     Type
		None
 Auto vars:     Size  Location     Type
		None
 Return value:  Size  Location     Type
                  1    wreg      void 
 Registers used:
		wreg
 Tracked objects:
		On entry : 
		On exit  : 
		Unchanged: 
 Data sizes:     COMMON   BANK0   BANK1   BANK2   BANK3   BANK4   BANK5   BANK6   BANK7   BANK8   BANK9  BANK10  BANK11  BANK12
      Params:         0       0       0       0       0       0       0       0       0       0       0       0       0       0
      Locals:         0       0       0       0       0       0       0       0       0       0       0       0       0       0
      Temps:          0       0       0       0       0       0       0       0       0       0       0       0       0       0
      Totals:         0       0       0       0       0       0       0       0       0       0       0       0       0       0
Total ram usage:        0 bytes
 Hardware stack levels used:    1
 Hardware stack levels required when called:    1
 This function calls:
		Nothing
 This function is called by:
		_main
		_SYSTEM_Initialize
 This function uses a non-reentrant model


 *************** function _DAC_Initialize *****************
 Defined at:
		line 57 in file "mcc_generated_files/dac.c"
 Parameters:    Size  Location     Type
		None
 Auto vars:     Size  Location     Type
		None
 Return value:  Size  Location     Type
                  1    wreg      void 
 Registers used:
		wreg
 Tracked objects:
		On entry : 
		On exit  : 
		Unchanged: 
 Data sizes:     COMMON   BANK0   BANK1   BANK2   BANK3   BANK4   BANK5   BANK6   BANK7   BANK8   BANK9  BANK10  BANK11  BANK12
      Params:         0       0       0       0       0       0       0       0       0       0       0       0       0       0
      Locals:         0       0       0       0       0       0       0       0       0       0       0       0       0       0
      Temps:          0       0       0       0       0       0       0       0       0       0       0       0       0       0
      Totals:         0       0       0       0       0       0       0       0       0       0       0       0       0       0
Total ram usage:        0 bytes
 Hardware stack levels used:    1
 Hardware stack levels required when called:    1
 This function calls:
		Nothing
 This function is called by:
		_main
		_SYSTEM_Initialize
 This function uses a non-reentrant model


 *************** function _COG1_Initialize *****************
 Defined at:
		line 57 in file "mcc_generated_files/cog1.c"
 Parameters:    Size  Location     Type
		None
 Auto vars:     Size  Location     Type
		None
 Return value:  Size  Location     Type
                  1    wreg      void 
 Registers used:
		wreg, status,2
 Tracked objects:
		On entry : 
		On exit  : 
		Unchanged: 
 Data sizes:     COMMON   BANK0   BANK1   BANK2   BANK3   BANK4   BANK5   BANK6   BANK7   BANK8   BANK9  BANK10  BANK11  BANK12
      Params:         0       0       0       0       0       0       0       0       0       0       0       0       0       0
      Locals:         0       0       0       0       0       0       0       0       0       0       0       0       0       0
      Temps:          0       0       0       0       0       0       0       0       0       0       0       0       0       0
      Totals:         0       0       0       0       0       0       0       0       0       0       0       0       0       0
Total ram usage:        0 bytes
 Hardware stack levels used:    1
 Hardware stack levels required when called:    1
 This function calls:
		Nothing
 This function is called by:
		_main
		_SYSTEM_Initialize
 This function uses a non-reentrant model


 *************** function _CMP1_Initialize *****************
 Defined at:
		line 57 in file "mcc_generated_files/cmp1.c"
 Parameters:    Size  Location     Type
		None
 Auto vars:     Size  Location     Type
		None
 Return value:  Size  Location     Type
                  1    wreg      void 
 Registers used:
		wreg
 Tracked objects:
		On entry : 
		On exit  : 
		Unchanged: 
 Data sizes:     COMMON   BANK0   BANK1   BANK2   BANK3   BANK4   BANK5   BANK6   BANK7   BANK8   BANK9  BANK10  BANK11  BANK12
      Params:         0       0       0       0       0       0       0       0       0       0       0       0       0       0
      Locals:         0       0       0       0       0       0       0       0       0       0       0       0       0       0
      Temps:          0       0       0       0       0       0       0       0       0       0       0       0       0       0
      Totals:         0       0       0       0       0       0       0       0       0       0       0       0       0       0
Total ram usage:        0 bytes
 Hardware stack levels used:    1
 Hardware stack levels required when called:    1
 This function calls:
		Nothing
 This function is called by:
		_main
		_SYSTEM_Initialize
 This function uses a non-reentrant model


 *************** function _ADC_Initialize *****************
 Defined at:
		line 64 in file "mcc_generated_files/adc.c"
 Parameters:    Size  Location     Type
		None
 Auto vars:     Size  Location     Type
		None
 Return value:  Size  Location     Type
                  1    wreg      void 
 Registers used:
		wreg, status,2
 Tracked objects:
		On entry : 
		On exit  : 
		Unchanged: 
 Data sizes:     COMMON   BANK0   BANK1   BANK2   BANK3   BANK4   BANK5   BANK6   BANK7   BANK8   BANK9  BANK10  BANK11  BANK12
      Params:         0       0       0       0       0       0       0       0       0       0       0       0       0       0
      Locals:         0       0       0       0       0       0       0       0       0       0       0       0       0       0
      Temps:          0       0       0       0       0       0       0       0       0       0       0       0       0       0
      Totals:         0       0       0       0       0       0       0       0       0       0       0       0       0       0
Total ram usage:        0 bytes
 Hardware stack levels used:    1
 Hardware stack levels required when called:    1
 This function calls:
		Nothing
 This function is called by:
		_main
		_SYSTEM_Initialize
 This function uses a non-reentrant model


 *************** function _isr *****************
 Defined at:
		line 336 in file "main.c"
 Parameters:    Size  Location     Type
		None
 Auto vars:     Size  Location     Type
		None
 Return value:  Size  Location     Type
                  1    wreg      void 
 Registers used:
		wreg
 Tracked objects:
		On entry : 
		On exit  : 
		Unchanged: 
 Data sizes:     COMMON   BANK0   BANK1   BANK2   BANK3   BANK4   BANK5   BANK6   BANK7   BANK8   BANK9  BANK10  BANK11  BANK12
      Params:         0       0       0       0       0       0       0       0       0       0       0       0       0       0
      Locals:         0       0       0       0       0       0       0       0       0       0       0       0       0       0
      Temps:          1       0       0       0       0       0       0       0       0       0       0       0       0       0
      Totals:         1       0       0       0       0       0       0       0       0       0       0       0       0       0
Total ram usage:        1 bytes
 Hardware stack levels used:    1
 This function calls:
		Nothing
 This function is called by:
		Interrupt level 1
 This function uses a non-reentrant model



MODULE INFORMATION

Module		Function		Class		Link	Load	Size
mcc_generated_files/cmp1.c
		_CMP1_Initialize		CODE           	01BE	0000	14

mcc_generated_files/cmp1.c estimated size: 14

mcc_generated_files/fvr.c
		_FVR_Initialize		CODE           	0215	0000	5

mcc_generated_files/fvr.c estimated size: 5

mcc_generated_files/tmr2.c
		_TMR2_Initialize		CODE           	01E1	0000	10
		_TMR2_StartTimer		CODE           	0219	0000	4

mcc_generated_files/tmr2.c estimated size: 14

mcc_generated_files/pwm2.c
		_PWM2_Initialize		CODE           	01D7	0000	11

mcc_generated_files/pwm2.c estimated size: 11

mcc_generated_files/adc.c
		_ADC_Initialize		CODE           	01F3	0000	10

mcc_generated_files/adc.c estimated size: 10

mcc_generated_files/cog1.c
		_COG1_Initialize		CODE           	01A6	0000	25

mcc_generated_files/cog1.c estimated size: 25

shared
		__powers_      		STRCODE        	0000	0000	0
		_dpowers       		STRCODE        	0000	0000	0
		__npowers_     		STRCODE        	0000	0000	0
		__initialization		CODE           	0021	0000	12

shared estimated size: 12

mcc_generated_files/pwm1.c
		_PWM1_Initialize		CODE           	01EA	0000	10

mcc_generated_files/pwm1.c estimated size: 10

mcc_generated_files/dac.c
		_DAC_Initialize		CODE           	020F	0000	7

mcc_generated_files/dac.c estimated size: 7

main.c
		_USART_Initialize		CODE           	01CB	0000	13
		_main          		CODE           	0030	0000	193
		_OSC_Init      		CODE           	0209	0000	7
		_isr           		CODE           	0004	0000	28
		_USART_Write   		CODE           	01FC	0000	8
		_USART_WriteString		CODE           	0181	0000	38

main.c estimated size: 287

